RAM Allocation [bytes]
Variable                                                                          Address   Size
------------------------------------------------------------------------------------------------
_base_y                                                                           0x0160       4

EEPROM Allocation [bytes]
Variable                                                                          Address   Size
------------------------------------------------------------------------------------------------

Register Allocation
Variable                                                                          Register  Size
------------------------------------------------------------------------------------------------
_lcd_x                                                                            R5           1
_lcd_y                                                                            R4           1
_lcd_maxx                                                                         R7           1

FLASH Allocation [words]
Function                                                                          Address   Size
------------------------------------------------------------------------------------------------
main                                                                              0x00062     11
_lcd_write_nibble_G100                                                            0x0006D     20
_lcd_write_data                                                                   0x00081     12
lcd_gotoxy                                                                        0x0008D     13
lcd_clear                                                                         0x0009A     10
lcd_putchar                                                                       0x000A4     21
lcd_putsf                                                                         0x000B9     19
lcd_init                                                                          0x000CC     43
